// Jest Snapshot v1, https://goo.gl/fbAQLP

exports[`renders the Thank component correctly 1`] = `
<div>
  <div
    class="t-img-wrap main"
  >
    <img
      alt=""
      src="https://ss1.bdstatic.com/70cFvXSh_Q1YnxGkpoWK1HF6hhy/it/u=199378973,2076223274&fm=15&gp=0.jpg"
    />
  </div>
</div>
`;
